// Jest Snapshot v1, https://goo.gl/fbAQLP

exports[`<MenuItem /> Menu Item snapshot test 1`] = `ShallowWrapper {}`;
