// Jest Snapshot v1, https://goo.gl/fbAQLP

exports[`<Menu /> Menu snapshot test 1`] = `ShallowWrapper {}`;
